// Jest Snapshot v1, https://goo.gl/fbAQLP

exports[`Notification component should render and consume notifications 1`] = `
<DocumentFragment>
  <div
    class="Toastify"
  />
</DocumentFragment>
`;
