// Jest Snapshot v1, https://goo.gl/fbAQLP

exports[`Pagination component should render Pagination 1`] = `
<DocumentFragment>
  .c2 {
  display: -webkit-box;
  display: -webkit-flex;
  display: -ms-flexbox;
  display: flex;
  -webkit-box-pack: center;
  -webkit-justify-content: center;
  -ms-flex-pack: center;
  justify-content: center;
  -webkit-align-items: center;
  -webkit-box-align: center;
  -ms-flex-align: center;
  align-items: center;
  height: 40px;
  background-color: #fff;
  border-color: #fff;
  padding: 10px 15px;
  color: #000;
  text-align: center;
  border-top: 1px solid #d3d3d3;
  border-bottom: 1px solid #d3d3d3;
  border-right: 1px solid #d3d3d3;
  cursor: pointer;
}

.c2:first-child {
  border-bottom-left-radius: 4px;
  border-top-left-radius: 4px;
  border-left: 1px solid #d3d3d3;
}

.c2:last-child {
  border-bottom-right-radius: 4px;
  border-top-right-radius: 4px;
}

.c2.active,
.c2:hover {
  color: #fff;
  background-color: #ffc500;
  border-color: #ffc500;
}

.c2:disabled {
  color: #939393;
  background-color: #d3d3d3;
  border: none;
  cursor: not-allowed;
}

.c0 {
  display: -webkit-box;
  display: -webkit-flex;
  display: -ms-flexbox;
  display: flex;
  -webkit-flex-direction: column;
  -ms-flex-direction: column;
  flex-direction: column;
  -webkit-box-pack: space-evenly;
  -webkit-justify-content: space-evenly;
  -ms-flex-pack: space-evenly;
  justify-content: space-evenly;
}

.c1 {
  display: -webkit-box;
  display: -webkit-flex;
  display: -ms-flexbox;
  display: flex;
  -webkit-box-pack: center;
  -webkit-justify-content: center;
  -ms-flex-pack: center;
  justify-content: center;
  -webkit-align-items: center;
  -webkit-box-align: center;
  -ms-flex-align: center;
  align-items: center;
  width: 100%;
  padding: 10px 0;
}

.c3 {
  padding: 10px 0;
  display: -webkit-box;
  display: -webkit-flex;
  display: -ms-flexbox;
  display: flex;
  -webkit-flex-wrap: wrap;
  -ms-flex-wrap: wrap;
  flex-wrap: wrap;
  -webkit-box-pack: center;
  -webkit-justify-content: center;
  -ms-flex-pack: center;
  justify-content: center;
  height: 54vh;
  overflow-y: scroll;
}

<div
    class="c0"
  >
    <div
      class="c1"
    >
      <button
        class="c2"
        disabled=""
      >
        <svg
          fill="none"
          height="1em"
          stroke="currentColor"
          stroke-linecap="round"
          stroke-linejoin="round"
          stroke-width="2"
          viewBox="0 0 24 24"
          width="1em"
          xmlns="http://www.w3.org/2000/svg"
        >
          <polyline
            points="11 17 6 12 11 7"
          />
          <polyline
            points="18 17 13 12 18 7"
          />
        </svg>
      </button>
      <button
        class="c2"
        disabled=""
      >
        <svg
          fill="none"
          height="1em"
          stroke="currentColor"
          stroke-linecap="round"
          stroke-linejoin="round"
          stroke-width="2"
          viewBox="0 0 24 24"
          width="1em"
          xmlns="http://www.w3.org/2000/svg"
        >
          <polyline
            points="15 18 9 12 15 6"
          />
        </svg>
      </button>
      <button
        class="c2 active"
      >
        1
      </button>
      <button
        class="c2"
      >
        <svg
          fill="none"
          height="1em"
          stroke="currentColor"
          stroke-linecap="round"
          stroke-linejoin="round"
          stroke-width="2"
          viewBox="0 0 24 24"
          width="1em"
          xmlns="http://www.w3.org/2000/svg"
        >
          <polyline
            points="9 18 15 12 9 6"
          />
        </svg>
      </button>
      <button
        class="c2"
      >
        <svg
          fill="none"
          height="1em"
          stroke="currentColor"
          stroke-linecap="round"
          stroke-linejoin="round"
          stroke-width="2"
          viewBox="0 0 24 24"
          width="1em"
          xmlns="http://www.w3.org/2000/svg"
        >
          <polyline
            points="13 17 18 12 13 7"
          />
          <polyline
            points="6 17 11 12 6 7"
          />
        </svg>
      </button>
    </div>
    <div
      class="c3"
    />
    <div
      class="c1"
    >
      <button
        class="c2"
        disabled=""
      >
        <svg
          fill="none"
          height="1em"
          stroke="currentColor"
          stroke-linecap="round"
          stroke-linejoin="round"
          stroke-width="2"
          viewBox="0 0 24 24"
          width="1em"
          xmlns="http://www.w3.org/2000/svg"
        >
          <polyline
            points="11 17 6 12 11 7"
          />
          <polyline
            points="18 17 13 12 18 7"
          />
        </svg>
      </button>
      <button
        class="c2"
        disabled=""
      >
        <svg
          fill="none"
          height="1em"
          stroke="currentColor"
          stroke-linecap="round"
          stroke-linejoin="round"
          stroke-width="2"
          viewBox="0 0 24 24"
          width="1em"
          xmlns="http://www.w3.org/2000/svg"
        >
          <polyline
            points="15 18 9 12 15 6"
          />
        </svg>
      </button>
      <button
        class="c2 active"
      >
        1
      </button>
      <button
        class="c2"
      >
        <svg
          fill="none"
          height="1em"
          stroke="currentColor"
          stroke-linecap="round"
          stroke-linejoin="round"
          stroke-width="2"
          viewBox="0 0 24 24"
          width="1em"
          xmlns="http://www.w3.org/2000/svg"
        >
          <polyline
            points="9 18 15 12 9 6"
          />
        </svg>
      </button>
      <button
        class="c2"
      >
        <svg
          fill="none"
          height="1em"
          stroke="currentColor"
          stroke-linecap="round"
          stroke-linejoin="round"
          stroke-width="2"
          viewBox="0 0 24 24"
          width="1em"
          xmlns="http://www.w3.org/2000/svg"
        >
          <polyline
            points="13 17 18 12 13 7"
          />
          <polyline
            points="6 17 11 12 6 7"
          />
        </svg>
      </button>
    </div>
  </div>
</DocumentFragment>
`;
